Archive member included because of file (symbol)

c:/program files (x86)/emblocks/2.30/share/em_armgcc/bin/../lib/gcc/arm-none-eabi/4.7.3/../../../../arm-none-eabi/lib/armv7-m\libc_n.a(lib_a-exit.o)
                              c:/program files (x86)/emblocks/2.30/share/em_armgcc/bin/../lib/gcc/arm-none-eabi/4.7.3/../../../../arm-none-eabi/lib/armv7-m/crt0.o (exit)
c:/program files (x86)/emblocks/2.30/share/em_armgcc/bin/../lib/gcc/arm-none-eabi/4.7.3/../../../../arm-none-eabi/lib/armv7-m\libc_n.a(lib_a-impure.o)
                              c:/program files (x86)/emblocks/2.30/share/em_armgcc/bin/../lib/gcc/arm-none-eabi/4.7.3/../../../../arm-none-eabi/lib/armv7-m\libc_n.a(lib_a-exit.o) (_global_impure_ptr)
c:/program files (x86)/emblocks/2.30/share/em_armgcc/bin/../lib/gcc/arm-none-eabi/4.7.3/../../../../arm-none-eabi/lib/armv7-m\libc_n.a(lib_a-init.o)
                              c:/program files (x86)/emblocks/2.30/share/em_armgcc/bin/../lib/gcc/arm-none-eabi/4.7.3/../../../../arm-none-eabi/lib/armv7-m/crt0.o (__libc_init_array)
c:/program files (x86)/emblocks/2.30/share/em_armgcc/bin/../lib/gcc/arm-none-eabi/4.7.3/../../../../arm-none-eabi/lib/armv7-m\libc_n.a(lib_a-memset.o)
                              c:/program files (x86)/emblocks/2.30/share/em_armgcc/bin/../lib/gcc/arm-none-eabi/4.7.3/../../../../arm-none-eabi/lib/armv7-m/crt0.o (memset)
c:/program files (x86)/emblocks/2.30/share/em_armgcc/bin/../lib/gcc/arm-none-eabi/4.7.3/../../../../arm-none-eabi/lib/armv7-m\libnosys.a(_exit.o)
                              c:/program files (x86)/emblocks/2.30/share/em_armgcc/bin/../lib/gcc/arm-none-eabi/4.7.3/../../../../arm-none-eabi/lib/armv7-m\libc_n.a(lib_a-exit.o) (_exit)

Discarded input sections

 .text          0x00000000        0x0 c:/program files (x86)/emblocks/2.30/share/em_armgcc/bin/../lib/gcc/arm-none-eabi/4.7.3/armv7-m/crti.o
 .data          0x00000000        0x0 c:/program files (x86)/emblocks/2.30/share/em_armgcc/bin/../lib/gcc/arm-none-eabi/4.7.3/armv7-m/crti.o
 .bss           0x00000000        0x0 c:/program files (x86)/emblocks/2.30/share/em_armgcc/bin/../lib/gcc/arm-none-eabi/4.7.3/armv7-m/crti.o
 .data          0x00000000        0x4 c:/program files (x86)/emblocks/2.30/share/em_armgcc/bin/../lib/gcc/arm-none-eabi/4.7.3/armv7-m/crtbegin.o
 .data          0x00000000        0x0 c:/program files (x86)/emblocks/2.30/share/em_armgcc/bin/../lib/gcc/arm-none-eabi/4.7.3/../../../../arm-none-eabi/lib/armv7-m/crt0.o
 .bss           0x00000000        0x0 c:/program files (x86)/emblocks/2.30/share/em_armgcc/bin/../lib/gcc/arm-none-eabi/4.7.3/../../../../arm-none-eabi/lib/armv7-m/crt0.o
 .ARM.extab     0x00000000        0x0 c:/program files (x86)/emblocks/2.30/share/em_armgcc/bin/../lib/gcc/arm-none-eabi/4.7.3/../../../../arm-none-eabi/lib/armv7-m/crt0.o
 .group         0x00000000        0x8 obj\debug\spl\src\misc.o
 .group         0x00000000        0x8 obj\debug\spl\src\misc.o
 .group         0x00000000        0x8 obj\debug\spl\src\misc.o
 .group         0x00000000        0x8 obj\debug\spl\src\misc.o
 .group         0x00000000        0x8 obj\debug\spl\src\misc.o
 .group         0x00000000        0x8 obj\debug\spl\src\misc.o
 .group         0x00000000        0x8 obj\debug\spl\src\misc.o
 .group         0x00000000        0x8 obj\debug\spl\src\misc.o
 .group         0x00000000        0x8 obj\debug\spl\src\misc.o
 .group         0x00000000        0x8 obj\debug\spl\src\misc.o
 .group         0x00000000        0x8 obj\debug\spl\src\misc.o
 .group         0x00000000        0x8 obj\debug\spl\src\misc.o
 .group         0x00000000        0x8 obj\debug\spl\src\misc.o
 .group         0x00000000        0x8 obj\debug\spl\src\misc.o
 .group         0x00000000        0x8 obj\debug\spl\src\misc.o
 .group         0x00000000        0x8 obj\debug\spl\src\misc.o
 .group         0x00000000        0x8 obj\debug\spl\src\misc.o
 .group         0x00000000        0x8 obj\debug\spl\src\misc.o
 .group         0x00000000        0x8 obj\debug\spl\src\misc.o
 .group         0x00000000        0x8 obj\debug\spl\src\misc.o
 .group         0x00000000        0x8 obj\debug\spl\src\misc.o
 .group         0x00000000        0x8 obj\debug\spl\src\misc.o
 .group         0x00000000        0x8 obj\debug\spl\src\misc.o
 .group         0x00000000        0x8 obj\debug\spl\src\misc.o
 .group         0x00000000        0x8 obj\debug\spl\src\misc.o
 .group         0x00000000        0x8 obj\debug\spl\src\misc.o
 .group         0x00000000        0x8 obj\debug\spl\src\misc.o
 .group         0x00000000        0x8 obj\debug\spl\src\misc.o
 .group         0x00000000        0x8 obj\debug\spl\src\misc.o
 .group         0x00000000        0x8 obj\debug\spl\src\misc.o
 .group         0x00000000        0x8 obj\debug\spl\src\misc.o
 .group         0x00000000        0x8 obj\debug\spl\src\misc.o
 .text          0x00000000        0x0 obj\debug\spl\src\misc.o
 .data          0x00000000        0x0 obj\debug\spl\src\misc.o
[...]
Memory Configuration

Name             Origin             Length             Attributes
ROM              0x08000000         0x00020000         xr
RAM              0x20000000         0x00005000         xrw
*default*        0x00000000         0xffffffff

Linker script and memory map

LOAD c:/program files (x86)/emblocks/2.30/share/em_armgcc/bin/../lib/gcc/arm-none-eabi/4.7.3/armv7-m/crti.o
LOAD c:/program files (x86)/emblocks/2.30/share/em_armgcc/bin/../lib/gcc/arm-none-eabi/4.7.3/armv7-m/crtbegin.o
LOAD c:/program files (x86)/emblocks/2.30/share/em_armgcc/bin/../lib/gcc/arm-none-eabi/4.7.3/../../../../arm-none-eabi/lib/armv7-m/crt0.o
                0x00000000                __HEAP_SIZE = 0x0
                0x00000100                __STACK_SIZE = 0x100

.text           0x08000000     0x12e4
 *(.isr_vector)
 .isr_vector    0x08000000       0xec obj\debug\src\startup_stm32f10x_md.o
                0x08000000                __isr_vector
 *(.text*)
 .text          0x080000ec       0x54 c:/program files (x86)/emblocks/2.30/share/em_armgcc/bin/../lib/gcc/arm-none-eabi/4.7.3/armv7-m/crtbegin.o
 .text          0x08000140       0x74 c:/program files (x86)/emblocks/2.30/share/em_armgcc/bin/../lib/gcc/arm-none-eabi/4.7.3/../../../../arm-none-eabi/lib/armv7-m/crt0.o
                0x08000140                _start
                0x08000140                _mainCRTStartup
 .text.GPIO_Init
                0x080001b4      0x1b0 obj\debug\spl\src\stm32f10x_gpio.o
                0x080001b4                GPIO_Init
 .text.GPIO_ResetBits
                0x08000364       0x1c obj\debug\spl\src\stm32f10x_gpio.o
                0x08000364                GPIO_ResetBits
 .text.GPIO_Write
                0x08000380       0x1c obj\debug\spl\src\stm32f10x_gpio.o
                0x08000380                GPIO_Write
 .text.GPIO_PinRemapConfig
                0x0800039c      0x120 obj\debug\spl\src\stm32f10x_gpio.o
                0x0800039c                GPIO_PinRemapConfig
 .text.RCC_APB2PeriphClockCmd
                0x080004bc       0x54 obj\debug\spl\src\stm32f10x_rcc.o
                0x080004bc                RCC_APB2PeriphClockCmd
 .text.RCC_APB1PeriphClockCmd
                0x08000510       0x54 obj\debug\spl\src\stm32f10x_rcc.o
                0x08000510                RCC_APB1PeriphClockCmd
 .text.TIM_TimeBaseInit
                0x08000564      0x11c obj\debug\spl\src\stm32f10x_tim.o
                0x08000564                TIM_TimeBaseInit
 .text.TIM_OC1Init
                0x08000680      0x128 obj\debug\spl\src\stm32f10x_tim.o
                0x08000680                TIM_OC1Init
 .text.TIM_OC2Init
                0x080007a8      0x128 obj\debug\spl\src\stm32f10x_tim.o
                0x080007a8                TIM_OC2Init
 .text.TIM_OC3Init
                0x080008d0      0x120 obj\debug\spl\src\stm32f10x_tim.o
                0x080008d0                TIM_OC3Init
 .text.TIM_OC4Init
                0x080009f0       0xe0 obj\debug\spl\src\stm32f10x_tim.o
                0x080009f0                TIM_OC4Init
 .text.TIM_Cmd  0x08000ad0       0x40 obj\debug\spl\src\stm32f10x_tim.o
                0x08000ad0                TIM_Cmd
 .text.TIM_SetCompare1
                0x08000b10       0x1c obj\debug\spl\src\stm32f10x_tim.o
                0x08000b10                TIM_SetCompare1
 .text.TIM_SetCompare2
                0x08000b2c       0x1c obj\debug\spl\src\stm32f10x_tim.o
                0x08000b2c                TIM_SetCompare2
 .text.TIM_SetCompare3
                0x08000b48       0x1c obj\debug\spl\src\stm32f10x_tim.o
                0x08000b48                TIM_SetCompare3
 .text.TIM_SetCompare4
                0x08000b64       0x20 obj\debug\spl\src\stm32f10x_tim.o
                0x08000b64                TIM_SetCompare4
 .text.main     0x08000b84       0x28 obj\debug\src\main.o
                0x08000b84                main
 .text.configMotors
                0x08000bac      0x11c obj\debug\src\motor_control.o
                0x08000bac                configMotors
 .text.setMotorDirection
                0x08000cc8      0x204 obj\debug\src\motor_control.o
                0x08000cc8                setMotorDirection
 .text.setMotorSpeed
                0x08000ecc       0x70 obj\debug\src\motor_control.o
                0x08000ecc                setMotorSpeed
 .text          0x08000f3c       0x9c obj\debug\src\startup_stm32f10x_md.o
                0x08000f3c                Reset_Handler
                0x08000f6c                NMI_Handler
                0x08000f6e                HardFault_Handler
                0x08000f70                MemManage_Handler
                0x08000f72                BusFault_Handler
                0x08000f74                UsageFault_Handler
                0x08000f76                SVC_Handler
                0x08000f78                DebugMon_Handler
                0x08000f7a                PendSV_Handler
                0x08000f7c                SysTick_Handler
                0x08000f7e                Default_Handler
                0x08000f80                WWDG_IRQHandler
                0x08000f82                PVD_IRQHandler
                0x08000f84                TAMPER_IRQHandler
                0x08000f86                RTC_IRQHandler
                0x08000f88                FLASH_IRQHandler
                0x08000f8a                RCC_IRQHandler
                0x08000f8c                EXTI0_IRQHandler
                0x08000f8e                EXTI1_IRQHandler
                0x08000f90                EXTI2_IRQHandler
                0x08000f92                EXTI3_IRQHandler
                0x08000f94                EXTI4_IRQHandler
                0x08000f96                DMA1_Channel1_IRQHandler
                0x08000f98                DMA1_Channel2_IRQHandler
                0x08000f9a                DMA1_Channel3_IRQHandler
                0x08000f9c                DMA1_Channel4_IRQHandler
                0x08000f9e                DMA1_Channel5_IRQHandler
                0x08000fa0                DMA1_Channel6_IRQHandler
                0x08000fa2                DMA1_Channel7_IRQHandler
                0x08000fa4                ADC1_2_IRQHandler
                0x08000fa6                USB_HP_CAN1_TX_IRQHandler
                0x08000fa8                USB_LP_CAN1_RX0_IRQHandler
                0x08000faa                CAN1_RX1_IRQHandler
                0x08000fac                CAN1_SCE_IRQHandler
                0x08000fae                EXTI9_5_IRQHandler
                0x08000fb0                TIM1_BRK_IRQHandler
                0x08000fb2                TIM1_UP_IRQHandler
                0x08000fb4                TIM1_TRG_COM_IRQHandler
                0x08000fb6                TIM1_CC_IRQHandler
                0x08000fb8                TIM2_IRQHandler
                0x08000fba                TIM3_IRQHandler
                0x08000fbc                TIM4_IRQHandler
                0x08000fbe                I2C1_EV_IRQHandler
                0x08000fc0                I2C1_ER_IRQHandler
                0x08000fc2                I2C2_EV_IRQHandler
                0x08000fc4                I2C2_ER_IRQHandler
                0x08000fc6                SPI1_IRQHandler
                0x08000fc8                SPI2_IRQHandler
                0x08000fca                USART1_IRQHandler
                0x08000fcc                USART2_IRQHandler
                0x08000fce                USART3_IRQHandler
                0x08000fd0                EXTI15_10_IRQHandler
                0x08000fd2                RTCAlarm_IRQHandler
                0x08000fd4                USBWakeUp_IRQHandler
 .text.SystemInit
                0x08000fd8       0xa8 obj\debug\src\system_stm32f10x.o
                0x08000fd8                SystemInit
 .text.SetSysClock
                0x08001080        0xc obj\debug\src\system_stm32f10x.o
 .text.SetSysClockTo72
                0x0800108c      0x1ac obj\debug\src\system_stm32f10x.o
 .text.exit     0x08001238       0x28 c:/program files (x86)/emblocks/2.30/share/em_armgcc/bin/../lib/gcc/arm-none-eabi/4.7.3/../../../../arm-none-eabi/lib/armv7-m\libc_n.a(lib_a-exit.o)
                0x08001238                exit
 .text.__libc_init_array
                0x08001260       0x4c c:/program files (x86)/emblocks/2.30/share/em_armgcc/bin/../lib/gcc/arm-none-eabi/4.7.3/../../../../arm-none-eabi/lib/armv7-m\libc_n.a(lib_a-init.o)
                0x08001260                __libc_init_array
 .text.memset   0x080012ac       0x10 c:/program files (x86)/emblocks/2.30/share/em_armgcc/bin/../lib/gcc/arm-none-eabi/4.7.3/../../../../arm-none-eabi/lib/armv7-m\libc_n.a(lib_a-memset.o)
                0x080012ac                memset
 .text._exit    0x080012bc        0x4 c:/program files (x86)/emblocks/2.30/share/em_armgcc/bin/../lib/gcc/arm-none-eabi/4.7.3/../../../../arm-none-eabi/lib/armv7-m\libnosys.a(_exit.o)
                0x080012bc                _exit
 *(.init)
 .init          0x080012c0        0x4 c:/program files (x86)/emblocks/2.30/share/em_armgcc/bin/../lib/gcc/arm-none-eabi/4.7.3/armv7-m/crti.o
                0x080012c0                _init
 .init          0x080012c4        0x8 c:/program files (x86)/emblocks/2.30/share/em_armgcc/bin/../lib/gcc/arm-none-eabi/4.7.3/armv7-m/crtn.o
 *(.fini)
 .fini          0x080012cc        0x4 c:/program files (x86)/emblocks/2.30/share/em_armgcc/bin/../lib/gcc/arm-none-eabi/4.7.3/armv7-m/crti.o
                0x080012cc                _fini
 .fini          0x080012d0        0x8 c:/program files (x86)/emblocks/2.30/share/em_armgcc/bin/../lib/gcc/arm-none-eabi/4.7.3/armv7-m/crtn.o
 *crtbegin.o(.ctors)
 *crtbegin?.o(.ctors)
 *(EXCLUDE_FILE(*crtend.o *crtend?.o) .ctors)
 *(SORT(.ctors.*))
 *(.ctors)
 *crtbegin.o(.dtors)
 *crtbegin?.o(.dtors)
 *(EXCLUDE_FILE(*crtend.o *crtend?.o) .dtors)
 *(SORT(.dtors.*))
 *(.dtors)
 *(.rodata*)
 .rodata.str1.1
                0x080012d8        0x2 c:/program files (x86)/emblocks/2.30/share/em_armgcc/bin/../lib/gcc/arm-none-eabi/4.7.3/../../../../arm-none-eabi/lib/armv7-m\libc_n.a(lib_a-impure.o)
 *fill*         0x080012da        0x2 
 .rodata._global_impure_ptr
                0x080012dc        0x4 c:/program files (x86)/emblocks/2.30/share/em_armgcc/bin/../lib/gcc/arm-none-eabi/4.7.3/../../../../arm-none-eabi/lib/armv7-m\libc_n.a(lib_a-impure.o)
                0x080012dc                _global_impure_ptr
 *(.eh_frame*)
 .eh_frame      0x080012e0        0x0 c:/program files (x86)/emblocks/2.30/share/em_armgcc/bin/../lib/gcc/arm-none-eabi/4.7.3/armv7-m/crtbegin.o
 .eh_frame      0x080012e0        0x4 c:/program files (x86)/emblocks/2.30/share/em_armgcc/bin/../lib/gcc/arm-none-eabi/4.7.3/armv7-m/crtend.o

.glue_7         0x080012e4        0x0
 .glue_7        0x00000000        0x0 linker stubs

.glue_7t        0x080012e4        0x0
 .glue_7t       0x00000000        0x0 linker stubs

.vfp11_veneer   0x080012e4        0x0
 .vfp11_veneer  0x00000000        0x0 linker stubs

.v4_bx          0x080012e4        0x0
 .v4_bx         0x00000000        0x0 linker stubs

.iplt           0x080012e4        0x0
 .iplt          0x00000000        0x0 c:/program files (x86)/emblocks/2.30/share/em_armgcc/bin/../lib/gcc/arm-none-eabi/4.7.3/armv7-m/crtbegin.o

.ARM.extab
 *(.ARM.extab* .gnu.linkonce.armextab.*)
                0x080012e4                __exidx_start = .

.ARM.exidx      0x080012e4        0x8
 *(.ARM.exidx* .gnu.linkonce.armexidx.*)
 .ARM.exidx     0x080012e4        0x8 c:/program files (x86)/emblocks/2.30/share/em_armgcc/bin/../lib/gcc/arm-none-eabi/4.7.3/../../../../arm-none-eabi/lib/armv7-m/crt0.o
                0x080012ec                __exidx_end = .
                0x080012ec                __etext = .

.rel.dyn        0x080012ec        0x0
 .rel.iplt      0x00000000        0x0 c:/program files (x86)/emblocks/2.30/share/em_armgcc/bin/../lib/gcc/arm-none-eabi/4.7.3/armv7-m/crtbegin.o

.data           0x20000000       0x6c load address 0x080012ec
                0x20000000                __data_start__ = .
 *(vtable)
 *(.data*)
 .data.SystemCoreClock
                0x20000000        0x4 obj\debug\src\system_stm32f10x.o
                0x20000000                SystemCoreClock
 .data.impure_data
                0x20000004       0x60 c:/program files (x86)/emblocks/2.30/share/em_armgcc/bin/../lib/gcc/arm-none-eabi/4.7.3/../../../../arm-none-eabi/lib/armv7-m\libc_n.a(lib_a-impure.o)
                0x20000064                . = ALIGN (0x4)
                0x20000064                PROVIDE (__preinit_array_start, .)
 *(.preinit_array)
                0x20000064                PROVIDE (__preinit_array_end, .)
                0x20000064                . = ALIGN (0x4)
                0x20000064                PROVIDE (__init_array_start, .)
 *(SORT(.init_array.*))
 *(.init_array)
 .init_array    0x20000064        0x4 c:/program files (x86)/emblocks/2.30/share/em_armgcc/bin/../lib/gcc/arm-none-eabi/4.7.3/armv7-m/crtbegin.o
                0x20000068                PROVIDE (__init_array_end, .)
                0x20000068                . = ALIGN (0x4)
                0x20000068                PROVIDE (__fini_array_start, .)
 *(SORT(.fini_array.*))
 *(.fini_array)
 .fini_array    0x20000068        0x4 c:/program files (x86)/emblocks/2.30/share/em_armgcc/bin/../lib/gcc/arm-none-eabi/4.7.3/armv7-m/crtbegin.o
                0x2000006c                PROVIDE (__fini_array_end, .)
                0x2000006c                . = ALIGN (0x4)
                0x2000006c                __data_end__ = .

.jcr            0x2000006c        0x0 load address 0x08001358
 .jcr           0x2000006c        0x0 c:/program files (x86)/emblocks/2.30/share/em_armgcc/bin/../lib/gcc/arm-none-eabi/4.7.3/armv7-m/crtbegin.o

.igot.plt       0x2000006c        0x0 load address 0x08001358
 .igot.plt      0x00000000        0x0 c:/program files (x86)/emblocks/2.30/share/em_armgcc/bin/../lib/gcc/arm-none-eabi/4.7.3/armv7-m/crtbegin.o

.bss            0x2000006c       0x1c load address 0x08001358
                0x2000006c                __bss_start__ = .
 *(.bss*)
 .bss           0x2000006c       0x1c c:/program files (x86)/emblocks/2.30/share/em_armgcc/bin/../lib/gcc/arm-none-eabi/4.7.3/armv7-m/crtbegin.o
 *(COMMON)
                0x20000088                __bss_end__ = .

.heap           0x20000088        0x0
                0x20000088                __end__ = .
                0x20000088                end = __end__
 *(.heap*)
 .heap          0x20000088        0x0 obj\debug\src\startup_stm32f10x_md.o
                0x20000088                __HeapLimit = .

.stack_dummy    0x20000088      0x100
 *(.stack)
 .stack         0x20000088      0x100 obj\debug\src\startup_stm32f10x_md.o
                0x20005000                __StackTop = (ORIGIN (RAM) + 0x5000)
                0x20004f00                __StackLimit = (__StackTop - SIZEOF (.stack_dummy))
                0x20005000                PROVIDE (__stack, __StackTop)
                0x00000001                ASSERT ((__StackLimit >= __HeapLimit), region RAM overflowed with stack)
LOAD obj\debug\spl\src\misc.o
LOAD obj\debug\spl\src\stm32f10x_adc.o
LOAD obj\debug\spl\src\stm32f10x_bkp.o
LOAD obj\debug\spl\src\stm32f10x_can.o
LOAD obj\debug\spl\src\stm32f10x_cec.o
LOAD obj\debug\spl\src\stm32f10x_crc.o
LOAD obj\debug\spl\src\stm32f10x_dac.o
LOAD obj\debug\spl\src\stm32f10x_dbgmcu.o
LOAD obj\debug\spl\src\stm32f10x_dma.o
LOAD obj\debug\spl\src\stm32f10x_exti.o
LOAD obj\debug\spl\src\stm32f10x_flash.o
LOAD obj\debug\spl\src\stm32f10x_fsmc.o
LOAD obj\debug\spl\src\stm32f10x_gpio.o
LOAD obj\debug\spl\src\stm32f10x_i2c.o
LOAD obj\debug\spl\src\stm32f10x_iwdg.o
LOAD obj\debug\spl\src\stm32f10x_pwr.o
LOAD obj\debug\spl\src\stm32f10x_rcc.o
LOAD obj\debug\spl\src\stm32f10x_rtc.o
LOAD obj\debug\spl\src\stm32f10x_sdio.o
LOAD obj\debug\spl\src\stm32f10x_spi.o
LOAD obj\debug\spl\src\stm32f10x_tim.o
LOAD obj\debug\spl\src\stm32f10x_usart.o
LOAD obj\debug\spl\src\stm32f10x_wwdg.o
LOAD obj\debug\src\main.o
LOAD obj\debug\src\motor_control.o
LOAD obj\debug\src\startup_stm32f10x_md.o
LOAD obj\debug\src\system_stm32f10x.o
START GROUP
LOAD c:/program files (x86)/emblocks/2.30/share/em_armgcc/bin/../lib/gcc/arm-none-eabi/4.7.3/armv7-m\libgcc.a
LOAD c:/program files (x86)/emblocks/2.30/share/em_armgcc/bin/../lib/gcc/arm-none-eabi/4.7.3/../../../../arm-none-eabi/lib/armv7-m\libc_n.a
LOAD c:/program files (x86)/emblocks/2.30/share/em_armgcc/bin/../lib/gcc/arm-none-eabi/4.7.3/../../../../arm-none-eabi/lib/armv7-m\libg_n.a
LOAD c:/program files (x86)/emblocks/2.30/share/em_armgcc/bin/../lib/gcc/arm-none-eabi/4.7.3/../../../../arm-none-eabi/lib/armv7-m\libnosys.a
END GROUP
LOAD c:/program files (x86)/emblocks/2.30/share/em_armgcc/bin/../lib/gcc/arm-none-eabi/4.7.3/armv7-m/crtend.o
LOAD c:/program files (x86)/emblocks/2.30/share/em_armgcc/bin/../lib/gcc/arm-none-eabi/4.7.3/armv7-m/crtn.o
OUTPUT(bin\Debug\pwm_demo.elf elf32-littlearm)

.ARM.attributes
                0x00000000       0x29
 .ARM.attributes
                0x00000000       0x1d c:/program files (x86)/emblocks/2.30/share/em_armgcc/bin/../lib/gcc/arm-none-eabi/4.7.3/armv7-m/crti.o
 .ARM.attributes
                0x0000001d       0x2d c:/program files (x86)/emblocks/2.30/share/em_armgcc/bin/../lib/gcc/arm-none-eabi/4.7.3/armv7-m/crtbegin.o
 .ARM.attributes
                0x0000004a       0x1b c:/program files (x86)/emblocks/2.30/share/em_armgcc/bin/../lib/gcc/arm-none-eabi/4.7.3/../../../../arm-none-eabi/lib/armv7-m/crt0.o
 .ARM.attributes
                0x00000065       0x33 obj\debug\spl\src\stm32f10x_gpio.o
 .ARM.attributes
                0x00000098       0x33 obj\debug\spl\src\stm32f10x_rcc.o
 .ARM.attributes
                0x000000cb       0x33 obj\debug\spl\src\stm32f10x_tim.o
 .ARM.attributes
                0x000000fe       0x33 obj\debug\src\main.o
 .ARM.attributes
                0x00000131       0x33 obj\debug\src\motor_control.o
 .ARM.attributes
                0x00000164       0x1b obj\debug\src\startup_stm32f10x_md.o
 .ARM.attributes
                0x0000017f       0x33 obj\debug\src\system_stm32f10x.o
 .ARM.attributes
                0x000001b2       0x2d c:/program files (x86)/emblocks/2.30/share/em_armgcc/bin/../lib/gcc/arm-none-eabi/4.7.3/../../../../arm-none-eabi/lib/armv7-m\libc_n.a(lib_a-exit.o)
 .ARM.attributes
                0x000001df       0x2d c:/program files (x86)/emblocks/2.30/share/em_armgcc/bin/../lib/gcc/arm-none-eabi/4.7.3/../../../../arm-none-eabi/lib/armv7-m\libc_n.a(lib_a-impure.o)
 .ARM.attributes
                0x0000020c       0x2d c:/program files (x86)/emblocks/2.30/share/em_armgcc/bin/../lib/gcc/arm-none-eabi/4.7.3/../../../../arm-none-eabi/lib/armv7-m\libc_n.a(lib_a-init.o)
 .ARM.attributes
                0x00000239       0x2d c:/program files (x86)/emblocks/2.30/share/em_armgcc/bin/../lib/gcc/arm-none-eabi/4.7.3/../../../../arm-none-eabi/lib/armv7-m\libc_n.a(lib_a-memset.o)
 .ARM.attributes
                0x00000266       0x2d c:/program files (x86)/emblocks/2.30/share/em_armgcc/bin/../lib/gcc/arm-none-eabi/4.7.3/../../../../arm-none-eabi/lib/armv7-m\libnosys.a(_exit.o)
 .ARM.attributes
                0x00000293       0x2d c:/program files (x86)/emblocks/2.30/share/em_armgcc/bin/../lib/gcc/arm-none-eabi/4.7.3/armv7-m/crtend.o
 .ARM.attributes
                0x000002c0       0x1d c:/program files (x86)/emblocks/2.30/share/em_armgcc/bin/../lib/gcc/arm-none-eabi/4.7.3/armv7-m/crtn.o

.comment        0x00000000       0x38
 .comment       0x00000000       0x38 obj\debug\spl\src\stm32f10x_gpio.o
                                 0x39 (size before relaxing)
 .comment       0x00000000       0x39 obj\debug\spl\src\stm32f10x_rcc.o
 .comment       0x00000000       0x39 obj\debug\spl\src\stm32f10x_tim.o
 .comment       0x00000000       0x39 obj\debug\src\main.o
 .comment       0x00000000       0x39 obj\debug\src\motor_control.o
 .comment       0x00000000       0x39 obj\debug\src\system_stm32f10x.o

.debug_info     0x00000000     0x3bb8
 .debug_info    0x00000000      0x76d obj\debug\spl\src\stm32f10x_gpio.o
 .debug_info    0x0000076d      0x959 obj\debug\spl\src\stm32f10x_rcc.o
 .debug_info    0x000010c6     0x1eab obj\debug\spl\src\stm32f10x_tim.o
 .debug_info    0x00002f71       0xbe obj\debug\src\main.o
 .debug_info    0x0000302f      0x647 obj\debug\src\motor_control.o
 .debug_info    0x00003676       0x56 obj\debug\src\startup_stm32f10x_md.o
 .debug_info    0x000036cc      0x4ec obj\debug\src\system_stm32f10x.o

.debug_abbrev   0x00000000      0x830
 .debug_abbrev  0x00000000      0x1cf obj\debug\spl\src\stm32f10x_gpio.o
 .debug_abbrev  0x000001cf      0x1c1 obj\debug\spl\src\stm32f10x_rcc.o
 .debug_abbrev  0x00000390      0x1b7 obj\debug\spl\src\stm32f10x_tim.o
 .debug_abbrev  0x00000547       0x6e obj\debug\src\main.o
 .debug_abbrev  0x000005b5      0x114 obj\debug\src\motor_control.o
 .debug_abbrev  0x000006c9       0x14 obj\debug\src\startup_stm32f10x_md.o
 .debug_abbrev  0x000006dd      0x153 obj\debug\src\system_stm32f10x.o

.debug_loc      0x00000000     0x2044
 .debug_loc     0x00000000      0x3e4 obj\debug\spl\src\stm32f10x_gpio.o
 .debug_loc     0x000003e4      0x6dc obj\debug\spl\src\stm32f10x_rcc.o
 .debug_loc     0x00000ac0     0x13e8 obj\debug\spl\src\stm32f10x_tim.o
 .debug_loc     0x00001ea8       0x2c obj\debug\src\main.o
 .debug_loc     0x00001ed4       0xa8 obj\debug\src\motor_control.o
 .debug_loc     0x00001f7c       0xc8 obj\debug\src\system_stm32f10x.o

.debug_aranges  0x00000000      0x558
 .debug_aranges
                0x00000000       0xa8 obj\debug\spl\src\stm32f10x_gpio.o
 .debug_aranges
                0x000000a8      0x118 obj\debug\spl\src\stm32f10x_rcc.o
 .debug_aranges
                0x000001c0      0x2f0 obj\debug\spl\src\stm32f10x_tim.o
 .debug_aranges
                0x000004b0       0x20 obj\debug\src\main.o
 .debug_aranges
                0x000004d0       0x30 obj\debug\src\motor_control.o
 .debug_aranges
                0x00000500       0x20 obj\debug\src\startup_stm32f10x_md.o
 .debug_aranges
                0x00000520       0x38 obj\debug\src\system_stm32f10x.o

.debug_ranges   0x00000000      0x4d8
 .debug_ranges  0x00000000       0x98 obj\debug\spl\src\stm32f10x_gpio.o
 .debug_ranges  0x00000098      0x108 obj\debug\spl\src\stm32f10x_rcc.o
 .debug_ranges  0x000001a0      0x2e0 obj\debug\spl\src\stm32f10x_tim.o
 .debug_ranges  0x00000480       0x10 obj\debug\src\main.o
 .debug_ranges  0x00000490       0x20 obj\debug\src\motor_control.o
 .debug_ranges  0x000004b0       0x28 obj\debug\src\system_stm32f10x.o

.debug_macro    0x00000000     0x1802
 .debug_macro   0x00000000      0x1c5 obj\debug\spl\src\stm32f10x_gpio.o
 .debug_macro   0x000001c5      0x2a6 obj\debug\spl\src\stm32f10x_gpio.o
 .debug_macro   0x0000046b      0x293 obj\debug\spl\src\stm32f10x_rcc.o
 .debug_macro   0x000006fe      0x3dc obj\debug\spl\src\stm32f10x_rcc.o
 .debug_macro   0x00000ada      0x18f obj\debug\spl\src\stm32f10x_tim.o
 .debug_macro   0x00000c69      0x70b obj\debug\spl\src\stm32f10x_tim.o
 .debug_macro   0x00001374      0x176 obj\debug\src\main.o
 .debug_macro   0x000014ea       0x28 obj\debug\src\main.o
 .debug_macro   0x00001512      0x176 obj\debug\src\motor_control.o
 .debug_macro   0x00001688      0x17a obj\debug\src\system_stm32f10x.o

.debug_line     0x00000000     0x2a5e
 .debug_line    0x00000000      0x64b obj\debug\spl\src\stm32f10x_gpio.o
 .debug_line    0x0000064b      0x75a obj\debug\spl\src\stm32f10x_rcc.o
 .debug_line    0x00000da5      0xd32 obj\debug\spl\src\stm32f10x_tim.o
 .debug_line    0x00001ad7      0x4a5 obj\debug\src\main.o
 .debug_line    0x00001f7c      0x51b obj\debug\src\motor_control.o
 .debug_line    0x00002497       0x98 obj\debug\src\startup_stm32f10x_md.o
 .debug_line    0x0000252f      0x52f obj\debug\src\system_stm32f10x.o

.debug_str      0x00000000    0x4fd62
 .debug_str     0x00000000    0x4e3fd obj\debug\spl\src\stm32f10x_gpio.o
                              0x4e564 (size before relaxing)
 .debug_str     0x0004e3fd      0xb49 obj\debug\spl\src\stm32f10x_rcc.o
                              0x4eb4a (size before relaxing)
 .debug_str     0x0004ef46      0xc2d obj\debug\spl\src\stm32f10x_tim.o
                              0x4ec68 (size before relaxing)
 .debug_str     0x0004fb73       0x59 obj\debug\src\main.o
                              0x4dfac (size before relaxing)
 .debug_str     0x0004fbcc       0x9b obj\debug\src\motor_control.o
                              0x4e3a5 (size before relaxing)
 .debug_str     0x0004fc67       0xfb obj\debug\src\system_stm32f10x.o
                              0x4e125 (size before relaxing)

.debug_frame    0x00000000     0x1168
 .debug_frame   0x00000000      0x210 obj\debug\spl\src\stm32f10x_gpio.o
 .debug_frame   0x00000210      0x388 obj\debug\spl\src\stm32f10x_rcc.o
 .debug_frame   0x00000598      0xa20 obj\debug\spl\src\stm32f10x_tim.o
 .debug_frame   0x00000fb8       0x2c obj\debug\src\main.o
 .debug_frame   0x00000fe4       0x70 obj\debug\src\motor_control.o
 .debug_frame   0x00001054       0x80 obj\debug\src\system_stm32f10x.o
 .debug_frame   0x000010d4       0x28 c:/program files (x86)/emblocks/2.30/share/em_armgcc/bin/../lib/gcc/arm-none-eabi/4.7.3/../../../../arm-none-eabi/lib/armv7-m\libc_n.a(lib_a-exit.o)
 .debug_frame   0x000010fc       0x2c c:/program files (x86)/emblocks/2.30/share/em_armgcc/bin/../lib/gcc/arm-none-eabi/4.7.3/../../../../arm-none-eabi/lib/armv7-m\libc_n.a(lib_a-init.o)
 .debug_frame   0x00001128       0x20 c:/program files (x86)/emblocks/2.30/share/em_armgcc/bin/../lib/gcc/arm-none-eabi/4.7.3/../../../../arm-none-eabi/lib/armv7-m\libc_n.a(lib_a-memset.o)
 .debug_frame   0x00001148       0x20 c:/program files (x86)/emblocks/2.30/share/em_armgcc/bin/../lib/gcc/arm-none-eabi/4.7.3/../../../../arm-none-eabi/lib/armv7-m\libnosys.a(_exit.o)
